/usr/local/lib/python3.11/dist-packages/numpy/lib/_nanfunctions_impl.py:1997: RuntimeWarning: Degrees of freedom <= 0 for slice.
  var = nanvar(a, axis=axis, dtype=dtype, out=out, ddof=ddof,
/home/user/jamming-physics/repro/fluid-dynamics/experiments/ONS1_adg_vortex_gas/analyze.py:21: RuntimeWarning: Mean of empty slice
  row[k] = dict(mean=float(np.nanmean(v)), std=float(np.nanstd(v, ddof=1)) if len(v) > 1 else None)
N64 {
 "P1_ratio": null,
 "P1_pass": false,
 "P2_pass": false,
 "P3_pass": false,
 "eps_bind_means": {
  "0.01": 0.0,
  "0.005": 0.0,
  "0.002": 0.0027936203175294915
 },
 "eps_tot_means": {
  "0.01": 0.00035993393404301676,
  "0.005": 0.00039684105515569695,
  "0.002": 0.002900444103310932
 },
 "cv": {
  "0.01": null,
  "0.005": null,
  "0.002": 2.23606797749979
 },
 "T1_powerlaw_exponent_vs_rc": {
  "eps_bind": null,
  "eps_bind_gauge_lnL": null,
  "eps_bind_literal": null,
  "n_mergers": 1.1255087590961077e-16
 },
 "T3_accounting_variants": {
  "eps_bind": {
   "values": [
    0.0,
    0.0,
    0.0027936203175294915
   ],
   "ratio_rc0002_over_rc001": null
  },
  "eps_tot": {
   "values": [
    0.00035993393404301676,
    0.00039684105515569695,
    0.002900444103310932
   ],
   "ratio_rc0002_over_rc001": 8.05826800138353
  },
  "eps_bind_gauge_lnL": {
   "values": [
    0.0,
    0.0,
    0.0033363630393797366
   ],
   "ratio_rc0002_over_rc001": null
  },
  "eps_bind_literal": {
   "values": [
    0.0,
    0.0,
    0.0025752242285627495
   ],
   "ratio_rc0002_over_rc001": null
  },
  "eps_bind_core": {
   "values": [
    0.0,
    0.0,
    0.0001163741775195347
   ],
   "ratio_rc0002_over_rc001": null
  }
 },
 "reproduced": false
}
N32 {
 "P1_ratio": null,
 "P1_pass": false,
 "P2_pass": false,
 "P3_pass": false,
 "eps_bind_means": {
  "0.01": 0.0,
  "0.005": 0.0,
  "0.002": 0.0
 },
 "eps_tot_means": {
  "0.01": 0.0002093148145503038,
  "0.005": 0.0002093148145503038,
  "0.002": 0.0002093148145503038
 },
 "cv": {
  "0.01": null,
  "0.005": null,
  "0.002": null
 },
 "T1_powerlaw_exponent_vs_rc": {
  "eps_bind": null,
  "eps_bind_gauge_lnL": null,
  "eps_bind_literal": null,
  "n_mergers": null
 },
 "T3_accounting_variants": {
  "eps_bind": {
   "values": [
    0.0,
    0.0,
    0.0
   ],
   "ratio_rc0002_over_rc001": null
  },
  "eps_tot": {
   "values": [
    0.0002093148145503038,
    0.0002093148145503038,
    0.0002093148145503038
   ],
   "ratio_rc0002_over_rc001": 1.0
  },
  "eps_bind_gauge_lnL": {
   "values": [
    0.0,
    0.0,
    0.0
   ],
   "ratio_rc0002_over_rc001": null
  },
  "eps_bind_literal": {
   "values": [
    0.0,
    0.0,
    0.0
   ],
   "ratio_rc0002_over_rc001": null
  },
  "eps_bind_core": {
   "values": [
    0.0,
    0.0,
    0.0
   ],
   "ratio_rc0002_over_rc001": null
  }
 },
 "reproduced": false
}
N64_rc0.01 eps_bind 0.0000+-0.0000 eps_tot 0.0004 nm 0.2 Nf 63.8 Hint/E0 0.002 rel/pair 1.000 drift 4.78e-02 wall 198
N64_rc0.005 eps_bind 0.0000+-0.0000 eps_tot 0.0004 nm 0.2 Nf 63.8 Hint/E0 0.002 rel/pair 1.000 drift 4.51e-02 wall 199
N64_rc0.002 eps_bind 0.0028+-0.0062 eps_tot 0.0029 nm 0.2 Nf 63.8 Hint/E0 0.002 rel/pair 1.000 drift 4.73e-02 wall 203
N32_rc0.01 eps_bind 0.0000+-0.0000 eps_tot 0.0002 nm 0.0 Nf 32.0 Hint/E0 0.000 rel/pair nan drift 1.10e-01 wall 79
N32_rc0.005 eps_bind 0.0000+-0.0000 eps_tot 0.0002 nm 0.0 Nf 32.0 Hint/E0 0.000 rel/pair nan drift 1.10e-01 wall 70
N32_rc0.002 eps_bind 0.0000+-0.0000 eps_tot 0.0002 nm 0.0 Nf 32.0 Hint/E0 0.000 rel/pair nan drift 1.10e-01 wall 56
